[procoinance.com/index.html]
[procoinance.com/favicon.png]
[backblue.gif]
[fade.gif]
[index.html]
[procoinance.com/public/assets/images/favicon.png]
[procoinance.com/public/assets/css/animate.css]
[procoinance.com/public/assets/css/bootstrap.min.css]
[procoinance.com/public/assets/css/fontawesome.css]
[procoinance.com/public/assets/css/flaticon.css]
[procoinance.com/public/assets/css/slick.css]
[procoinance.com/public/assets/css/magnific-popup.css]
[procoinance.com/public/assets/css/odometer-theme-car.css]
[procoinance.com/public/assets/css/rs6.css]
[procoinance.com/public/assets/css/style.css]
[www.smartsuppchat.com/loaderd41d.js]
[procoinance.com/cdn-cgi/l/email-protection.html]
[procoinance.com/public/assets/images/logo.png]
[procoinance.com/indexbc14.html]
[procoinance.com/index88fd.html]
[procoinance.com/index38cd.html]
[procoinance.com/public/assets/images/logo-mobile.png]
[procoinance.com/index058e.html]
[procoinance.com/index15a0.html]
[procoinance.com/indexe47e.html]
[procoinance.com/indexc30b.html]
[procoinance.com/public/assets/images/slider/home1/slider-1.jpg]
[procoinance.com/public/assets/images/slider/home1/bg-slider-shape1.png]
[procoinance.com/indexcca3.html]
[procoinance.com/public/assets/images/slider/home1/slider-star1.png]
[procoinance.com/public/assets/images/slider/home1/slider-2.jpg]
[procoinance.com/public/assets/images/slider/home1/slider-3.jpg]
[procoinance.com/cdn-cgi/scripts/5c5dd728/cloudflare-static/email-decode.min.js]
[translate.google.com/translate_a/elementa0d8.js]
[procoinance.com/public/assets/images/home1/bg-before-after.jpg]
[procoinance.com/public/assets/images/home1/first.jpg]
[procoinance.com/public/assets/images/home1/second.jpg]
[procoinance.com/video/fx.mp4]
[procoinance.com/video/fx.ogg]
[procoinance.com/public/assets/images/home1/middle.png]
[procoinance.com/services/commodity-trade]
[procoinance.com/public/assets/images/home1/feedback-bg.jpg]
[procoinance.com/public/assets/images/home1/client-1.jpg]
[procoinance.com/public/assets/images/home1/client-2.jpg]
[procoinance.com/public/assets/images/home1/client-3.jpg]
[procoinance.com/public/assets/images/home1/client-4.jpg]
[procoinance.com/assets/images/home1/map-bg.png]
[procoinance.com/public/assets/images/brands/sinoma.png]
[procoinance.com/public/assets/images/brands/daelim.png]
[procoinance.com/public/assets/images/brands/aecom.png]
[procoinance.com/public/assets/images/brands/andritz.png]
[procoinance.com/public/assets/images/brands/statkraft.png]
[procoinance.com/public/assets/images/partners/calik.png]
[procoinance.com/public/assets/images/logo-white.png]
[procoinance.com/indexa972.html]
[procoinance.com/public/assets/js/vendor/jquery-3.6.0.min.js]
[procoinance.com/public/assets/js/vendor/bootstrap.min.js]
[procoinance.com/public/assets/js/vendor/slick.min.js]
[procoinance.com/public/assets/js/vendor/easing.min.js]
[procoinance.com/public/assets/js/vendor/wow.min.js]
[procoinance.com/public/assets/js/vendor/before-after.js]
[procoinance.com/public/assets/js/vendor/jquery.magnific-popup.min.js]
[procoinance.com/public/assets/js/vendor/odometer.min.js]
[procoinance.com/public/assets/js/vendor/isotope.pkgd.js]
[procoinance.com/public/assets/js/vendor/piechart.js]
[procoinance.com/public/assets/js/vendor/appear.js]
[procoinance.com/public/assets/js/vendor/rbtools.min.js]
[procoinance.com/index.html]
[procoinance.com/favicon.html]
[procoinance.com/public/assets/images/favicon.html]
[procoinance.com/public/assets/css/animate.css]
[procoinance.com/public/assets/css/bootstrap.min.css]
[procoinance.com/public/assets/js/main.js]
[procoinance.com/public/assets/js/vendor/rs6.min.js]
[procoinance.com/public/assets/fonts/fa-brands-400.38.delayed]
[procoinance.com/public/assets/fonts/fa-brands-400-1.eot]
[procoinance.com/public/assets/fonts/fa-brands-400.woff2]
[procoinance.com/public/assets/fonts/fa-brands-400.woff]
[procoinance.com/public/assets/fonts/fa-brands-400.ttf]
[procoinance.com/public/assets/fonts/fa-brands-400.svg]
[procoinance.com/public/assets/fonts/fa-regular-400.eot]
[procoinance.com/public/assets/fonts/fa-regular-400-1.eot]
[procoinance.com/public/assets/fonts/fa-regular-400.woff2]
[procoinance.com/public/assets/fonts/fa-regular-400.woff]
[procoinance.com/public/assets/fonts/fa-regular-400.ttf]
[procoinance.com/public/assets/fonts/fa-regular-400.svg]
[procoinance.com/public/assets/fonts/fa-solid-900.eot]
[procoinance.com/public/assets/fonts/fa-solid-900-1.eot]
[procoinance.com/public/assets/fonts/fa-solid-900.woff2]
[procoinance.com/public/assets/fonts/fa-solid-900.woff]
[procoinance.com/public/assets/fonts/fa-solid-900.ttf]
[procoinance.com/public/assets/fonts/fa-solid-900.svg]
[procoinance.com/public/assets/css/fontawesome.css]
[procoinance.com/public/assets/fonts/flaticon-v1.eot]
[procoinance.com/public/assets/fonts/flaticon-v1-1.eot]
[procoinance.com/public/assets/fonts/flaticon-v1.woff2]
[procoinance.com/public/assets/fonts/flaticon-v1.woff]
[procoinance.com/public/assets/fonts/flaticon-v1.ttf]
[procoinance.com/public/assets/fonts/flaticon-v1.svg]
[procoinance.com/public/assets/fonts/flaticon-v2.eot]
[procoinance.com/public/assets/fonts/flaticon-v2-1.eot]
[procoinance.com/public/assets/fonts/flaticon-v2.woff2]
[procoinance.com/public/assets/fonts/flaticon-v2.woff]
[procoinance.com/public/assets/fonts/flaticon-v2.ttf]
[procoinance.com/public/assets/fonts/flaticon-v2.svg]
[procoinance.com/public/assets/css/flaticon.css]
[procoinance.com/public/assets/css/slick.css]
[procoinance.com/public/assets/css/magnific-popup.css]
[procoinance.com/public/assets/css/odometer-theme-car.css]
[procoinance.com/public/assets/fonts/revicons/revicons90c6.eot]
[procoinance.com/public/assets/fonts/revicons/revicons90c6.woff]
[procoinance.com/public/assets/fonts/revicons/revicons90c6.ttf]
[procoinance.com/public/assets/fonts/revicons/revicons90c6.svg]
[procoinance.com/public/assets/css/openhand.cur]
[procoinance.com/public/assets/css/closedhand.cur]
[procoinance.com/public/assets/assets/gridtile.png]
[procoinance.com/public/assets/assets/gridtile_white.png]
[procoinance.com/public/assets/assets/gridtile_3x3.png]
[procoinance.com/public/assets/assets/gridtile_3x3_white.png]
[procoinance.com/public/assets/assets/coloredbg.png]
[procoinance.com/public/assets/assets/loader.gif]
[procoinance.com/public/assets/css/rs6.css]
[procoinance.com/css2.css]
[procoinance.com/css2-1.css]
[procoinance.com/css2-2.css]
[procoinance.com/css2-3.css]
[procoinance.com/css2-4.css]
[procoinance.com/public/assets/images/home1/star-object.png]
[procoinance.com/public/assets/images/services/shadow.png]
[procoinance.com/public/assets/images/home1/sr-item-bg.jpg]
[procoinance.com/public/assets/images/blog/email-icon.png]
[procoinance.com/public/assets/images/home2/arrow1.png]
[procoinance.com/public/assets/images/home2/arrow2.png]
[procoinance.com/public/assets/images/home4/shape-1.png]
[procoinance.com/public/assets/images/home6/team-shape.png]
[procoinance.com/public/assets/css/style.css]
[procoinance.com/cdn-cgi/l/email-protection.html]
[procoinance.com/indexbc14.html]
[procoinance.com/public/assets/images/home1/slider-object.png]
[procoinance.com/cert.png]
[procoinance.com/public/assets/images/about/service-bg.jpg]
[tigerxcrow.com/tawkto.72.delayed]
[procoinance.com/indexe47e.html]
[procoinance.com/index38cd.html]
[procoinance.com/index88fd.html]
[procoinance.com/assets/images/home6/line-bg.jpg]
[procoinance.com/index058e.html]
[procoinance.com/index15a0.html]
[procoinance.com/public/frontend/assets/images/brand/favicon.png]
[procoinance.com/public/frontend/assets/plugins/bootstrap/css/bootstrap.min.css]
[procoinance.com/public/frontend/assets/css/style.css]
[procoinance.com/public/frontend/assets/css/skin-modes.css]
[procoinance.com/public/frontend/assets/css/sidemenu.css]
[procoinance.com/public/frontend/assets/plugins/single-page/css/main.css]
[procoinance.com/public/frontend/assets/plugins/p-scroll/perfect-scrollbar.css]
[procoinance.com/public/frontend/assets/iconfonts/css/material-design-iconic-font.css]
[procoinance.com/public/frontend/assets/switcher/css/switcher.css]
[procoinance.com/public/frontend/assets/switcher/css/demo.css]
[procoinance.com/public/frontend/assets/colors/color1.css]
[cdnjs.cloudflare.com/ajax/libs/font-awesome/4.7.0/css/font-awesome.min.css]
[unpkg.com/feather-icons@4.28.0/dist/feather.min.js]
[cdn.jsdelivr.net/npm/ionicons@5.5.3/dist/index.cjs.min.js]
[cdn.jsdelivr.net/npm/simple-line-icons@2.5.5/dist/styles/simple-line-icons.min.css]
[cdn.jsdelivr.net/npm/linearicons@1.0.2/dist/web-font/style.min.css]
[procoinance.com/public/frontend/assets/images/loader.svg]
[procoinance.com/public/frontend/assets/images/brand/logo-white.png]
[procoinance.com/index8083.html]
[procoinance.com/public/frontend/assets/js/jquery-3.4.1.min.js]
[procoinance.com/public/frontend/assets/plugins/bootstrap/js/bootstrap.bundle.min.js]
[procoinance.com/public/frontend/assets/plugins/bootstrap/js/popper.min.js]
[procoinance.com/public/frontend/assets/js/jquery.sparkline.min.js]
[procoinance.com/public/frontend/assets/plugins/moment/moment.min.js]
[procoinance.com/public/frontend/assets/js/circle-progress.min.js]
[procoinance.com/public/frontend/assets/plugins/rating/jquery.rating-stars.js]
[procoinance.com/public/frontend/assets/plugins/sidemenu/sidemenu.js]
[procoinance.com/public/frontend/assets/plugins/p-scroll/perfect-scrollbar.js]
[procoinance.com/public/frontend/assets/plugins/p-scroll/p-scroll.js]
[procoinance.com/public/frontend/assets/plugins/p-scroll/p-scroll-1.js]
[procoinance.com/public/frontend/assets/plugins/sidebar/sidebar.js]
[procoinance.com/public/frontend/assets/js/index1.js]
[procoinance.com/public/frontend/assets/switcher/js/switcher.js]
[procoinance.com/indexc30b.html]
[procoinance.com/indexcca3.html]
[procoinance.com/video/fx.html]
[procoinance.com/services/commodity-trade.html]
[procoinance.com/public/assets/images/home1/feedback-bg.html]
[procoinance.com/assets/images/home1/map-bg.html]
[procoinance.com/indexa972.html]
[procoinance.com/public/assets/fonts/fa-brands-400.html]
[procoinance.com/public/assets/fonts/fa-brands-400-1.html]
[procoinance.com/public/assets/fonts/fa-brands-401.html]
[procoinance.com/public/assets/fonts/fa-brands-402.html]
[procoinance.com/public/assets/fonts/fa-brands-403.html]
[procoinance.com/public/assets/fonts/fa-regular-400.html]
[procoinance.com/public/assets/fonts/fa-regular-400-1.html]
[procoinance.com/public/assets/fonts/fa-regular-401.html]
[procoinance.com/public/assets/fonts/fa-regular-402.html]
[procoinance.com/public/assets/fonts/fa-regular-403.html]
[procoinance.com/public/assets/fonts/fa-solid-900.html]
[procoinance.com/public/assets/fonts/fa-solid-900-1.html]
[procoinance.com/public/assets/fonts/fa-solid-901.html]
[procoinance.com/public/assets/fonts/fa-solid-902.html]
[procoinance.com/public/assets/fonts/fa-solid-903.html]
[procoinance.com/public/assets/fonts/flaticon-v1.html]
[procoinance.com/public/assets/fonts/flaticon-v1-1.html]
[procoinance.com/public/assets/fonts/flaticon-v1-2.html]
[procoinance.com/public/assets/fonts/flaticon-v1-3.html]
[procoinance.com/public/assets/fonts/flaticon-v1-4.html]
[procoinance.com/public/assets/fonts/flaticon-v2.html]
[procoinance.com/public/assets/fonts/flaticon-v2-1.html]
[procoinance.com/public/assets/fonts/flaticon-v2-2.html]
[procoinance.com/public/assets/fonts/flaticon-v2-3.html]
[procoinance.com/public/assets/fonts/flaticon-v2-4.html]
[procoinance.com/public/assets/fonts/revicons/revicons90c6.html]
[procoinance.com/public/assets/fonts/revicons/revicons90c6-2.html]
[procoinance.com/public/assets/fonts/revicons/revicons90c6-3.html]
[procoinance.com/public/assets/fonts/revicons/revicons90c6-4.html]
[procoinance.com/public/assets/css/openhand.html]
[procoinance.com/public/assets/css/closedhand.html]
[procoinance.com/public/assets/assets/gridtile.html]
[procoinance.com/public/assets/assets/gridtile_white.html]
[procoinance.com/public/assets/assets/gridtile_3x3.html]
[procoinance.com/public/assets/assets/gridtile_3x3_white.html]
[procoinance.com/public/assets/assets/coloredbg.html]
[procoinance.com/public/assets/assets/loader.html]
[procoinance.com/css2.html]
[procoinance.com/css2-1.html]
[procoinance.com/css2-2.html]
[procoinance.com/css2-3.html]
[procoinance.com/css2-4.html]
[procoinance.com/public/assets/images/services/shadow.html]
[procoinance.com/public/assets/images/blog/email-icon.html]
[procoinance.com/public/assets/images/home2/arrow1.html]
[procoinance.com/public/assets/images/home2/arrow2.html]
[procoinance.com/public/assets/images/home4/shape-1.html]
[procoinance.com/public/assets/images/home6/team-shape.html]
[procoinance.com/cert.html]
[procoinance.com/public/assets/images/about/service-bg.html]
[tigerxcrow.com/tawkto.html]
[procoinance.com/assets/images/home6/line-bg.html]
[procoinance.com/public/frontend/assets/images/brand/favicon.html]
[procoinance.com/public/frontend/assets/plugins/bootstrap/css/bootstrap.min.css]
[procoinance.com/public/frontend/assets/js/custom.js]
[procoinance.com/public/frontend/assets/images/media/thumbnails/thumb2.jpg]
[procoinance.com/public/frontend/assets/images/media/thumbnails/thumb3.jpg]
[procoinance.com/public/frontend/assets/images/media/22.jpg]
[procoinance.com/public/frontend/assets/images/svgs/circle.svg]
[procoinance.com/public/frontend/assets/images/browsers/android-browser.svg]
[procoinance.com/public/frontend/assets/images/browsers/aol-explorer.svg]
[procoinance.com/public/frontend/assets/images/browsers/blackberry.svg]
[procoinance.com/public/frontend/assets/images/browsers/camino.svg]
[procoinance.com/public/frontend/assets/images/browsers/chrome.svg]
[procoinance.com/public/frontend/assets/images/browsers/chromium.svg]
[procoinance.com/public/frontend/assets/images/browsers/dolphin.svg]
[procoinance.com/public/frontend/assets/images/browsers/edge.svg]
[procoinance.com/public/frontend/assets/images/browsers/firefox.svg]
[procoinance.com/public/frontend/assets/images/browsers/ie.svg]
[procoinance.com/public/frontend/assets/images/browsers/maxthon.svg]
[procoinance.com/public/frontend/assets/images/browsers/mozilla.svg]
[procoinance.com/public/frontend/assets/images/browsers/netscape.svg]
[procoinance.com/public/frontend/assets/images/browsers/opera.svg]
[procoinance.com/public/frontend/assets/images/browsers/safari.svg]
[procoinance.com/public/frontend/assets/images/browsers/sleipnir.svg]
[procoinance.com/public/frontend/assets/images/browsers/uc-browser.svg]
[procoinance.com/public/frontend/assets/images/browsers/vivaldi.svg]
[procoinance.com/public/frontend/assets/images/payments/2checkout-dark.svg]
[procoinance.com/public/frontend/assets/images/payments/2checkout.svg]
[procoinance.com/public/frontend/assets/images/payments/alipay-dark.svg]
[procoinance.com/public/frontend/assets/images/payments/alipay.svg]
[procoinance.com/public/frontend/assets/images/payments/amazon-dark.svg]
[procoinance.com/public/frontend/assets/images/payments/amazon.svg]
[procoinance.com/public/frontend/assets/images/payments/americanexpress-dark.svg]
[procoinance.com/public/frontend/assets/images/payments/americanexpress.svg]
[procoinance.com/public/frontend/assets/images/payments/applepay-dark.svg]
[procoinance.com/public/frontend/assets/images/payments/applepay.svg]
[procoinance.com/public/frontend/assets/images/payments/bancontact-dark.svg]
[procoinance.com/public/frontend/assets/images/payments/bancontact.svg]
[procoinance.com/public/frontend/assets/images/payments/bitcoin-dark.svg]
[procoinance.com/public/frontend/assets/images/payments/bitcoin.svg]
[procoinance.com/public/frontend/assets/images/payments/bitpay-dark.svg]
[procoinance.com/public/frontend/assets/images/payments/bitpay.svg]
[procoinance.com/public/frontend/assets/images/payments/cirrus-dark.svg]
[procoinance.com/public/frontend/assets/images/payments/cirrus.svg]
[procoinance.com/public/frontend/assets/images/payments/clickandbuy-dark.svg]
[procoinance.com/public/frontend/assets/images/payments/clickandbuy.svg]
[procoinance.com/public/frontend/assets/images/payments/coinkite-dark.svg]
[procoinance.com/public/frontend/assets/images/payments/coinkite.svg]
[procoinance.com/public/frontend/assets/images/payments/dinersclub-dark.svg]
[procoinance.com/public/frontend/assets/images/payments/dinersclub.svg]
[procoinance.com/public/frontend/assets/images/payments/directdebit-dark.svg]
[procoinance.com/public/frontend/assets/images/payments/directdebit.svg]
[procoinance.com/public/frontend/assets/images/payments/discover-dark.svg]
[procoinance.com/public/frontend/assets/images/payments/discover.svg]
[procoinance.com/public/frontend/assets/images/payments/dwolla-dark.svg]
[procoinance.com/public/frontend/assets/images/payments/dwolla.svg]
[procoinance.com/public/frontend/assets/images/payments/ebay-dark.svg]
[procoinance.com/public/frontend/assets/images/payments/ebay.svg]
[procoinance.com/public/frontend/assets/images/payments/eway-dark.svg]
[procoinance.com/public/frontend/assets/images/payments/eway.svg]
[procoinance.com/public/frontend/assets/images/payments/giropay-dark.svg]
[procoinance.com/public/frontend/assets/images/payments/giropay.svg]
[procoinance.com/public/frontend/assets/images/payments/googlewallet-dark.svg]
[procoinance.com/public/frontend/assets/images/payments/googlewallet.svg]
[procoinance.com/public/frontend/assets/images/payments/ingenico-dark.svg]
[procoinance.com/public/frontend/assets/images/payments/ingenico.svg]
[procoinance.com/public/frontend/assets/images/payments/jcb-dark.svg]
[procoinance.com/public/frontend/assets/images/payments/jcb.svg]
[procoinance.com/public/frontend/assets/images/payments/klarna-dark.svg]
[procoinance.com/public/frontend/assets/images/payments/klarna.svg]
[procoinance.com/public/frontend/assets/images/payments/laser-dark.svg]
[procoinance.com/public/frontend/assets/images/payments/laser.svg]
[procoinance.com/public/frontend/assets/images/payments/maestro-dark.svg]
[procoinance.com/public/frontend/assets/images/payments/maestro.svg]
[procoinance.com/public/frontend/assets/images/payments/mastercard-dark.svg]
[procoinance.com/public/frontend/assets/images/payments/mastercard.svg]
[procoinance.com/public/frontend/assets/images/payments/monero-dark.svg]
[procoinance.com/public/frontend/assets/images/payments/monero.svg]
[procoinance.com/public/frontend/assets/images/payments/neteller-dark.svg]
[procoinance.com/public/frontend/assets/images/payments/neteller.svg]
[procoinance.com/public/frontend/assets/images/payments/ogone-dark.svg]
[procoinance.com/public/frontend/assets/images/payments/ogone.svg]
[procoinance.com/public/frontend/assets/images/payments/okpay-dark.svg]
[procoinance.com/public/frontend/assets/images/payments/okpay.svg]
[procoinance.com/public/frontend/assets/images/payments/paybox-dark.svg]
[procoinance.com/public/frontend/assets/images/payments/paybox.svg]
[procoinance.com/public/frontend/assets/images/payments/paymill-dark.svg]
[procoinance.com/public/frontend/assets/images/payments/paymill.svg]
[procoinance.com/public/frontend/assets/images/payments/payone-dark.svg]
[procoinance.com/public/frontend/assets/images/payments/payone.svg]
[procoinance.com/public/frontend/assets/images/payments/payoneer-dark.svg]
[procoinance.com/public/frontend/assets/images/payments/payoneer.svg]
[procoinance.com/public/frontend/assets/images/payments/paypal-dark.svg]
[procoinance.com/public/frontend/assets/images/payments/paypal.svg]
[procoinance.com/public/frontend/assets/images/payments/paysafecard-dark.svg]
[procoinance.com/public/frontend/assets/images/payments/paysafecard.svg]
[procoinance.com/public/frontend/assets/images/payments/payu-dark.svg]
[procoinance.com/public/frontend/assets/images/payments/payu.svg]
[procoinance.com/public/frontend/assets/images/payments/payza-dark.svg]
[procoinance.com/public/frontend/assets/images/payments/payza.svg]
[procoinance.com/public/frontend/assets/images/payments/ripple-dark.svg]
[procoinance.com/public/frontend/assets/images/payments/ripple.svg]
[procoinance.com/public/frontend/assets/images/payments/sage-dark.svg]
[procoinance.com/public/frontend/assets/images/payments/sage.svg]
[procoinance.com/public/frontend/assets/images/payments/sepa-dark.svg]
[procoinance.com/public/frontend/assets/images/payments/sepa.svg]
[procoinance.com/public/frontend/assets/images/payments/shopify-dark.svg]
[procoinance.com/public/frontend/assets/images/payments/shopify.svg]
[procoinance.com/public/frontend/assets/images/payments/skrill-dark.svg]
[procoinance.com/public/frontend/assets/images/payments/skrill.svg]
[procoinance.com/public/frontend/assets/images/payments/solo-dark.svg]
[procoinance.com/public/frontend/assets/images/payments/solo.svg]
[procoinance.com/public/frontend/assets/images/payments/square-dark.svg]
[procoinance.com/public/frontend/assets/images/payments/square.svg]
[procoinance.com/public/frontend/assets/images/payments/stripe-dark.svg]
[procoinance.com/public/frontend/assets/images/payments/stripe.svg]
[procoinance.com/public/frontend/assets/images/payments/switch-dark.svg]
[procoinance.com/public/frontend/assets/images/payments/switch.svg]
[procoinance.com/public/frontend/assets/images/payments/ukash-dark.svg]
[procoinance.com/public/frontend/assets/images/payments/ukash.svg]
[procoinance.com/public/frontend/assets/images/payments/unionpay-dark.svg]
[procoinance.com/public/frontend/assets/images/payments/unionpay.svg]
[procoinance.com/public/frontend/assets/images/payments/verifone-dark.svg]
[procoinance.com/public/frontend/assets/images/payments/verifone.svg]
[procoinance.com/public/frontend/assets/images/payments/verisign-dark.svg]
[procoinance.com/public/frontend/assets/images/payments/verisign.svg]
[procoinance.com/public/frontend/assets/images/payments/visa-dark.svg]
[procoinance.com/public/frontend/assets/images/payments/visa.svg]
[procoinance.com/public/frontend/assets/images/payments/webmoney-dark.svg]
[procoinance.com/public/frontend/assets/images/payments/webmoney.svg]
[procoinance.com/public/frontend/assets/images/payments/westernunion-dark.svg]
[procoinance.com/public/frontend/assets/images/payments/westernunion.svg]
[procoinance.com/public/frontend/assets/images/payments/worldpay-dark.svg]
[procoinance.com/public/frontend/assets/images/payments/worldpay.svg]
[procoinance.com/public/frontend/assets/images/pngs/bg-2.png]
[procoinance.com/public/frontend/assets/images/about4.jpg]
[procoinance.com/public/frontend/assets/images/construction.jpg]
[procoinance.com/public/frontend/assets/images/flags/ad.svg]
[procoinance.com/public/frontend/assets/images/flags/ae.svg]
[procoinance.com/public/frontend/assets/images/flags/af.svg]
[procoinance.com/public/frontend/assets/images/flags/ag.svg]
[procoinance.com/public/frontend/assets/images/flags/ai.svg]
[procoinance.com/public/frontend/assets/images/flags/al.svg]
[procoinance.com/public/frontend/assets/images/flags/am.svg]
[procoinance.com/public/frontend/assets/images/flags/ao.svg]
[procoinance.com/public/frontend/assets/images/flags/aq.svg]
[procoinance.com/public/frontend/assets/images/flags/ar.svg]
[procoinance.com/public/frontend/assets/images/flags/as.svg]
[procoinance.com/public/frontend/assets/images/flags/at.svg]
[procoinance.com/public/frontend/assets/images/flags/au.svg]
[procoinance.com/public/frontend/assets/images/flags/aw.svg]
[procoinance.com/public/frontend/assets/images/flags/ax.svg]
[procoinance.com/public/frontend/assets/images/flags/az.svg]
[procoinance.com/public/frontend/assets/images/flags/ba.svg]
[procoinance.com/public/frontend/assets/images/flags/bb.svg]
[procoinance.com/public/frontend/assets/images/flags/bd.svg]
[procoinance.com/public/frontend/assets/images/flags/be.svg]
[procoinance.com/public/frontend/assets/images/flags/bf.svg]
[procoinance.com/public/frontend/assets/images/flags/bg.svg]
[procoinance.com/public/frontend/assets/images/flags/bh.svg]
[procoinance.com/public/frontend/assets/images/flags/bi.svg]
[procoinance.com/public/frontend/assets/images/flags/bj.svg]
[procoinance.com/public/frontend/assets/images/flags/bl.svg]
[procoinance.com/public/frontend/assets/images/flags/bm.svg]
[procoinance.com/public/frontend/assets/images/flags/bn.svg]
[procoinance.com/public/frontend/assets/images/flags/bo.svg]
[procoinance.com/public/frontend/assets/images/flags/bq.svg]
[procoinance.com/public/frontend/assets/images/flags/br.svg]
[procoinance.com/public/frontend/assets/images/flags/bs.svg]
[procoinance.com/public/frontend/assets/images/flags/bt.svg]
[procoinance.com/public/frontend/assets/images/flags/bv.svg]
[procoinance.com/public/frontend/assets/images/flags/bw.svg]
[procoinance.com/public/frontend/assets/images/flags/by.svg]
[procoinance.com/public/frontend/assets/images/flags/bz.svg]
[procoinance.com/public/frontend/assets/images/flags/ca.svg]
[procoinance.com/public/frontend/assets/images/flags/cc.svg]
[procoinance.com/public/frontend/assets/images/flags/cd.svg]
[procoinance.com/public/frontend/assets/images/flags/cf.svg]
[procoinance.com/public/frontend/assets/images/flags/cg.svg]
[procoinance.com/public/frontend/assets/images/flags/ch.svg]
[procoinance.com/public/frontend/assets/images/flags/ci.svg]
[procoinance.com/public/frontend/assets/images/flags/ck.svg]
[procoinance.com/public/frontend/assets/images/flags/cl.svg]
[procoinance.com/public/frontend/assets/images/flags/cm.svg]
[procoinance.com/public/frontend/assets/images/flags/cn.svg]
[procoinance.com/public/frontend/assets/images/flags/co.svg]
[procoinance.com/public/frontend/assets/images/flags/cr.svg]
[procoinance.com/public/frontend/assets/images/flags/cu.svg]
[procoinance.com/public/frontend/assets/images/flags/cv.svg]
[procoinance.com/public/frontend/assets/images/flags/cw.svg]
[procoinance.com/public/frontend/assets/images/flags/cx.svg]
[procoinance.com/public/frontend/assets/images/flags/cy.svg]
[procoinance.com/public/frontend/assets/images/flags/cz.svg]
[procoinance.com/public/frontend/assets/images/flags/de.svg]
[procoinance.com/public/frontend/assets/images/flags/dj.svg]
[procoinance.com/public/frontend/assets/images/flags/dk.svg]
[procoinance.com/public/frontend/assets/images/flags/dm.svg]
[procoinance.com/public/frontend/assets/images/flags/do.svg]
[procoinance.com/public/frontend/assets/images/flags/dz.svg]
[procoinance.com/public/frontend/assets/images/flags/ec.svg]
[procoinance.com/public/frontend/assets/images/flags/ee.svg]
[procoinance.com/public/frontend/assets/images/flags/eg.svg]
[procoinance.com/public/frontend/assets/images/flags/eh.svg]
[procoinance.com/public/frontend/assets/images/flags/er.svg]
[procoinance.com/public/frontend/assets/images/flags/es.svg]
[procoinance.com/public/frontend/assets/images/flags/et.svg]
[procoinance.com/public/frontend/assets/images/flags/eu.svg]
[procoinance.com/public/frontend/assets/images/flags/fi.svg]
[procoinance.com/public/frontend/assets/images/flags/fj.svg]
[procoinance.com/public/frontend/assets/images/flags/fk.svg]
[procoinance.com/public/frontend/assets/images/flags/fm.svg]
[procoinance.com/public/frontend/assets/images/flags/fo.svg]
[procoinance.com/public/frontend/assets/images/flags/fr.svg]
[procoinance.com/public/frontend/assets/images/flags/ga.svg]
[procoinance.com/public/frontend/assets/images/flags/gb-eng.svg]
[procoinance.com/public/frontend/assets/images/flags/gb-nir.svg]
[procoinance.com/public/frontend/assets/images/flags/gb-sct.svg]
[procoinance.com/public/frontend/assets/images/flags/gb-wls.svg]
[procoinance.com/public/frontend/assets/images/flags/gb.svg]
[procoinance.com/public/frontend/assets/images/flags/gd.svg]
[procoinance.com/public/frontend/assets/images/flags/ge.svg]
[procoinance.com/public/frontend/assets/images/flags/gf.svg]
[procoinance.com/public/frontend/assets/images/flags/gg.svg]
[procoinance.com/public/frontend/assets/images/flags/gh.svg]
[procoinance.com/public/frontend/assets/images/flags/gi.svg]
[procoinance.com/public/frontend/assets/images/flags/gl.svg]
[procoinance.com/public/frontend/assets/images/flags/gm.svg]
[procoinance.com/public/frontend/assets/images/flags/gn.svg]
[procoinance.com/public/frontend/assets/images/flags/gp.svg]
[procoinance.com/public/frontend/assets/images/flags/gq.svg]
[procoinance.com/public/frontend/assets/images/flags/gr.svg]
[procoinance.com/public/frontend/assets/images/flags/gs.svg]
[procoinance.com/public/frontend/assets/images/flags/gt.svg]
[procoinance.com/public/frontend/assets/images/flags/gu.svg]
[procoinance.com/public/frontend/assets/images/flags/gw.svg]
[procoinance.com/public/frontend/assets/images/flags/gy.svg]
[procoinance.com/public/frontend/assets/images/flags/hk.svg]
[procoinance.com/public/frontend/assets/images/flags/hm.svg]
[procoinance.com/public/frontend/assets/images/flags/hn.svg]
[procoinance.com/public/frontend/assets/images/flags/hr.svg]
[procoinance.com/public/frontend/assets/images/flags/ht.svg]
[procoinance.com/public/frontend/assets/images/flags/hu.svg]
[procoinance.com/public/frontend/assets/images/flags/id.svg]
[procoinance.com/public/frontend/assets/images/flags/ie.svg]
[procoinance.com/public/frontend/assets/images/flags/il.svg]
[procoinance.com/public/frontend/assets/images/flags/im.svg]
[procoinance.com/public/frontend/assets/images/flags/in.svg]
[procoinance.com/public/frontend/assets/images/flags/io.svg]
[procoinance.com/public/frontend/assets/images/flags/iq.svg]
[procoinance.com/public/frontend/assets/images/flags/ir.svg]
[procoinance.com/public/frontend/assets/images/flags/is.svg]
[procoinance.com/public/frontend/assets/images/flags/it.svg]
[procoinance.com/public/frontend/assets/images/flags/je.svg]
[procoinance.com/public/frontend/assets/images/flags/jm.svg]
[procoinance.com/public/frontend/assets/images/flags/jo.svg]
[procoinance.com/public/frontend/assets/images/flags/jp.svg]
[procoinance.com/public/frontend/assets/images/flags/ke.svg]
[procoinance.com/public/frontend/assets/images/flags/kg.svg]
[procoinance.com/public/frontend/assets/images/flags/kh.svg]
[procoinance.com/public/frontend/assets/images/flags/ki.svg]
[procoinance.com/public/frontend/assets/images/flags/km.svg]
[procoinance.com/public/frontend/assets/images/flags/kn.svg]
[procoinance.com/public/frontend/assets/images/flags/kp.svg]
[procoinance.com/public/frontend/assets/images/flags/kr.svg]
[procoinance.com/public/frontend/assets/images/flags/kw.svg]
[procoinance.com/public/frontend/assets/images/flags/ky.svg]
[procoinance.com/public/frontend/assets/images/flags/kz.svg]
[procoinance.com/public/frontend/assets/images/flags/la.svg]
[procoinance.com/public/frontend/assets/images/flags/lb.svg]
[procoinance.com/public/frontend/assets/images/flags/lc.svg]
[procoinance.com/public/frontend/assets/images/flags/li.svg]
[procoinance.com/public/frontend/assets/images/flags/lk.svg]
[procoinance.com/public/frontend/assets/images/flags/lr.svg]
[procoinance.com/public/frontend/assets/images/flags/ls.svg]
[procoinance.com/public/frontend/assets/images/flags/lt.svg]
[procoinance.com/public/frontend/assets/images/flags/lu.svg]
[procoinance.com/public/frontend/assets/images/flags/lv.svg]
[procoinance.com/public/frontend/assets/images/flags/ly.svg]
[procoinance.com/public/frontend/assets/images/flags/ma.svg]
[procoinance.com/public/frontend/assets/images/flags/mc.svg]
[procoinance.com/public/frontend/assets/images/flags/md.svg]
[procoinance.com/public/frontend/assets/images/flags/me.svg]
[procoinance.com/public/frontend/assets/images/flags/mf.svg]
[procoinance.com/public/frontend/assets/images/flags/mg.svg]
[procoinance.com/public/frontend/assets/images/flags/mh.svg]
[procoinance.com/public/frontend/assets/images/flags/mk.svg]
[procoinance.com/public/frontend/assets/images/flags/ml.svg]
[procoinance.com/public/frontend/assets/images/flags/mm.svg]
[procoinance.com/public/frontend/assets/css/style.css]
[procoinance.com/public/frontend/assets/css/skin-modes.css]
[procoinance.com/public/frontend/assets/css/sidemenu.css]
[procoinance.com/public/frontend/assets/plugins/single-page/css/main.css]
[procoinance.com/public/frontend/assets/plugins/p-scroll/perfect-scrollbar.css]
[procoinance.com/public/frontend/assets/iconfonts/css/material-design-iconic-font.css]
[procoinance.com/public/frontend/assets/switcher/css/switcher.css]
[procoinance.com/public/frontend/assets/switcher/css/demo.css]
[procoinance.com/public/frontend/assets/colors/color1.css]
[cdnjs.cloudflare.com/ajax/libs/font-awesome/4.7.0/css/font-awesome.min.css]
[cdn.jsdelivr.net/npm/simple-line-icons@2.5.5/dist/styles/simple-line-icons.min.css]
[cdn.jsdelivr.net/npm/linearicons@1.0.2/dist/web-font/style.min.css]
[procoinance.com/public/frontend/assets/images/loader.svg]
[procoinance.com/index8083.html]
[procoinance.com/public/frontend/assets/images/media/thumbnails/thumb2.html]
[procoinance.com/public/frontend/assets/images/media/thumbnails/thumb3.html]
[procoinance.com/public/frontend/assets/images/media/22.html]
[procoinance.com/public/frontend/assets/images/svgs/circle.svg]
[procoinance.com/public/frontend/assets/images/browsers/android-browser.html]
[procoinance.com/public/frontend/assets/images/browsers/aol-explorer.html]
[procoinance.com/public/frontend/assets/images/browsers/blackberry.html]
[procoinance.com/public/frontend/assets/images/browsers/camino.html]
[procoinance.com/public/frontend/assets/images/browsers/chrome.html]
[procoinance.com/public/frontend/assets/images/browsers/chromium.html]
[procoinance.com/public/frontend/assets/images/browsers/dolphin.html]
[procoinance.com/public/frontend/assets/images/browsers/edge.html]
[procoinance.com/public/frontend/assets/images/browsers/firefox.html]
[procoinance.com/public/frontend/assets/images/browsers/ie.html]
[procoinance.com/public/frontend/assets/images/browsers/maxthon.html]
[procoinance.com/public/frontend/assets/images/browsers/mozilla.html]
[procoinance.com/public/frontend/assets/images/browsers/netscape.html]
[procoinance.com/public/frontend/assets/images/browsers/opera.html]
[procoinance.com/public/frontend/assets/images/browsers/safari.html]
[procoinance.com/public/frontend/assets/images/browsers/sleipnir.html]
[procoinance.com/public/frontend/assets/images/browsers/uc-browser.html]
[procoinance.com/public/frontend/assets/images/browsers/vivaldi.html]
[procoinance.com/public/frontend/assets/images/payments/2checkout-dark.html]
[procoinance.com/public/frontend/assets/images/payments/2checkout.html]
[procoinance.com/public/frontend/assets/images/payments/alipay-dark.html]
[procoinance.com/public/frontend/assets/images/payments/alipay.html]
[procoinance.com/public/frontend/assets/images/payments/amazon-dark.html]
[procoinance.com/public/frontend/assets/images/payments/amazon.html]
[procoinance.com/public/frontend/assets/images/payments/americanexpress-dark.html]
[procoinance.com/public/frontend/assets/images/payments/americanexpress.html]
[procoinance.com/public/frontend/assets/images/payments/applepay-dark.html]
[procoinance.com/public/frontend/assets/images/payments/applepay.html]
[procoinance.com/public/frontend/assets/images/payments/bancontact-dark.html]
[procoinance.com/public/frontend/assets/images/payments/bancontact.html]
[procoinance.com/public/frontend/assets/images/payments/bitcoin-dark.html]
[procoinance.com/public/frontend/assets/images/payments/bitcoin.html]
[procoinance.com/public/frontend/assets/images/payments/bitpay-dark.html]
[procoinance.com/public/frontend/assets/images/payments/bitpay.html]
[procoinance.com/public/frontend/assets/images/payments/cirrus-dark.html]
[procoinance.com/public/frontend/assets/images/payments/cirrus.html]
[procoinance.com/public/frontend/assets/images/payments/clickandbuy-dark.html]
[procoinance.com/public/frontend/assets/images/payments/clickandbuy.html]
[procoinance.com/public/frontend/assets/images/payments/coinkite-dark.html]
[procoinance.com/public/frontend/assets/images/payments/coinkite.html]
[procoinance.com/public/frontend/assets/images/payments/dinersclub-dark.html]
[procoinance.com/public/frontend/assets/images/payments/dinersclub.html]
[procoinance.com/public/frontend/assets/images/payments/directdebit-dark.html]
[procoinance.com/public/frontend/assets/images/payments/directdebit.html]
[procoinance.com/public/frontend/assets/images/payments/discover-dark.html]
[procoinance.com/public/frontend/assets/images/payments/discover.html]
[procoinance.com/public/frontend/assets/images/payments/dwolla-dark.html]
[procoinance.com/public/frontend/assets/images/payments/dwolla.html]
[procoinance.com/public/frontend/assets/images/payments/ebay-dark.html]
[procoinance.com/public/frontend/assets/images/payments/ebay.html]
[procoinance.com/public/frontend/assets/images/payments/eway-dark.html]
[procoinance.com/public/frontend/assets/images/payments/eway.html]
[procoinance.com/public/frontend/assets/images/payments/giropay-dark.html]
[procoinance.com/public/frontend/assets/images/payments/giropay.html]
[procoinance.com/public/frontend/assets/images/payments/googlewallet-dark.html]
[procoinance.com/public/frontend/assets/images/payments/googlewallet.html]
[procoinance.com/public/frontend/assets/images/payments/ingenico-dark.html]
[procoinance.com/public/frontend/assets/images/payments/ingenico.html]
[procoinance.com/public/frontend/assets/images/payments/jcb-dark.html]
[procoinance.com/public/frontend/assets/images/payments/jcb.html]
[procoinance.com/public/frontend/assets/images/payments/klarna-dark.html]
[procoinance.com/public/frontend/assets/images/payments/klarna.html]
[procoinance.com/public/frontend/assets/images/payments/laser-dark.html]
[procoinance.com/public/frontend/assets/images/payments/laser.html]
[procoinance.com/public/frontend/assets/images/payments/maestro-dark.html]
[procoinance.com/public/frontend/assets/images/payments/maestro.html]
[procoinance.com/public/frontend/assets/images/payments/mastercard-dark.html]
[procoinance.com/public/frontend/assets/images/payments/mastercard.html]
[procoinance.com/public/frontend/assets/images/payments/monero-dark.html]
[procoinance.com/public/frontend/assets/images/payments/monero.html]
[procoinance.com/public/frontend/assets/images/payments/neteller-dark.html]
[procoinance.com/public/frontend/assets/images/payments/neteller.html]
[procoinance.com/public/frontend/assets/images/payments/ogone-dark.html]
[procoinance.com/public/frontend/assets/images/payments/ogone.html]
[procoinance.com/public/frontend/assets/images/payments/okpay-dark.html]
[procoinance.com/public/frontend/assets/images/payments/okpay.html]
[procoinance.com/public/frontend/assets/images/payments/paybox-dark.html]
[procoinance.com/public/frontend/assets/images/payments/paybox.html]
[procoinance.com/public/frontend/assets/images/payments/paymill-dark.html]
[procoinance.com/public/frontend/assets/images/payments/paymill.html]
[procoinance.com/public/frontend/assets/images/payments/payone-dark.html]
[procoinance.com/public/frontend/assets/images/payments/payone.html]
[procoinance.com/public/frontend/assets/images/payments/payoneer-dark.html]
[procoinance.com/public/frontend/assets/images/payments/payoneer.html]
[procoinance.com/public/frontend/assets/images/payments/paypal-dark.html]
[procoinance.com/public/frontend/assets/images/payments/paypal.html]
[procoinance.com/public/frontend/assets/images/payments/paysafecard-dark.html]
[procoinance.com/public/frontend/assets/images/payments/paysafecard.html]
[procoinance.com/public/frontend/assets/images/payments/payu-dark.html]
[procoinance.com/public/frontend/assets/images/payments/payu.html]
[procoinance.com/public/frontend/assets/images/payments/payza-dark.html]
[procoinance.com/public/frontend/assets/images/payments/payza.html]
[procoinance.com/public/frontend/assets/images/payments/ripple-dark.html]
[procoinance.com/public/frontend/assets/images/payments/ripple.html]
[procoinance.com/public/frontend/assets/images/payments/sage-dark.html]
[procoinance.com/public/frontend/assets/images/payments/sage.html]
[procoinance.com/public/frontend/assets/images/payments/sepa-dark.html]
[procoinance.com/public/frontend/assets/images/payments/sepa.html]
[procoinance.com/public/frontend/assets/images/payments/shopify-dark.html]
[procoinance.com/public/frontend/assets/images/payments/shopify.html]
[procoinance.com/public/frontend/assets/images/payments/skrill-dark.html]
[procoinance.com/public/frontend/assets/images/payments/skrill.html]
[procoinance.com/public/frontend/assets/images/payments/solo-dark.html]
[procoinance.com/public/frontend/assets/images/payments/solo.html]
[procoinance.com/public/frontend/assets/images/payments/square-dark.html]
[procoinance.com/public/frontend/assets/images/payments/square.html]
[procoinance.com/public/frontend/assets/images/payments/stripe-dark.html]
[procoinance.com/public/frontend/assets/images/payments/stripe.html]
[procoinance.com/public/frontend/assets/images/payments/switch-dark.html]
[procoinance.com/public/frontend/assets/images/payments/switch.html]
[procoinance.com/public/frontend/assets/images/payments/ukash-dark.html]
[procoinance.com/public/frontend/assets/images/payments/ukash.html]
[procoinance.com/public/frontend/assets/images/payments/unionpay-dark.html]
[procoinance.com/public/frontend/assets/images/payments/unionpay.html]
[procoinance.com/public/frontend/assets/images/payments/verifone-dark.html]
[procoinance.com/public/frontend/assets/images/payments/verifone.html]
[procoinance.com/public/frontend/assets/images/payments/verisign-dark.html]
[procoinance.com/public/frontend/assets/images/payments/verisign.html]
[procoinance.com/public/frontend/assets/images/payments/visa-dark.html]
[procoinance.com/public/frontend/assets/images/payments/visa.html]
[procoinance.com/public/frontend/assets/images/payments/webmoney-dark.html]
[procoinance.com/public/frontend/assets/images/payments/webmoney.html]
[procoinance.com/public/frontend/assets/images/payments/westernunion-dark.html]
[procoinance.com/public/frontend/assets/images/payments/westernunion.html]
[procoinance.com/public/frontend/assets/images/payments/worldpay-dark.html]
[procoinance.com/public/frontend/assets/images/payments/worldpay.html]
[procoinance.com/public/frontend/assets/images/pngs/bg-2.html]
[procoinance.com/public/frontend/assets/images/about4.html]
[procoinance.com/public/frontend/assets/images/construction.html]
[procoinance.com/public/frontend/assets/images/flags/ad.html]
[procoinance.com/public/frontend/assets/images/flags/ae.html]
[procoinance.com/public/frontend/assets/images/flags/af.html]
[procoinance.com/public/frontend/assets/images/flags/ag.html]
[procoinance.com/public/frontend/assets/images/flags/ai.html]
[procoinance.com/public/frontend/assets/images/flags/al.html]
[procoinance.com/public/frontend/assets/images/flags/am.html]
[procoinance.com/public/frontend/assets/images/flags/ao.html]
[procoinance.com/public/frontend/assets/images/flags/aq.html]
[procoinance.com/public/frontend/assets/images/flags/ar.html]
[procoinance.com/public/frontend/assets/images/flags/as.html]
[procoinance.com/public/frontend/assets/images/flags/at.html]
[procoinance.com/public/frontend/assets/images/flags/au.html]
[procoinance.com/public/frontend/assets/images/flags/aw.html]
[procoinance.com/public/frontend/assets/images/flags/ax.html]
[procoinance.com/public/frontend/assets/images/flags/az.html]
[procoinance.com/public/frontend/assets/images/flags/ba.html]
[procoinance.com/public/frontend/assets/images/flags/bb.html]
[procoinance.com/public/frontend/assets/images/flags/bd.html]
[procoinance.com/public/frontend/assets/images/flags/be.html]
[procoinance.com/public/frontend/assets/images/flags/bf.html]
[procoinance.com/public/frontend/assets/images/flags/bg.html]
[procoinance.com/public/frontend/assets/images/flags/bh.html]
[procoinance.com/public/frontend/assets/images/flags/bi.html]
[procoinance.com/public/frontend/assets/images/flags/bj.html]
[procoinance.com/public/frontend/assets/images/flags/bl.html]
[procoinance.com/public/frontend/assets/images/flags/bm.html]
[procoinance.com/public/frontend/assets/images/flags/bn.html]
[procoinance.com/public/frontend/assets/images/flags/bo.html]
[procoinance.com/public/frontend/assets/images/flags/bq.html]
[procoinance.com/public/frontend/assets/images/flags/br.html]
[procoinance.com/public/frontend/assets/images/flags/bs.html]
[procoinance.com/public/frontend/assets/images/flags/bt.html]
[procoinance.com/public/frontend/assets/images/flags/bv.html]
[procoinance.com/public/frontend/assets/images/flags/bw.html]
[procoinance.com/public/frontend/assets/images/flags/by.html]
[procoinance.com/public/frontend/assets/images/flags/bz.html]
[procoinance.com/public/frontend/assets/images/flags/ca.html]
[procoinance.com/public/frontend/assets/images/flags/cc.html]
[procoinance.com/public/frontend/assets/images/flags/cd.html]
[procoinance.com/public/frontend/assets/images/flags/cf.html]
[procoinance.com/public/frontend/assets/images/flags/cg.html]
[procoinance.com/public/frontend/assets/images/flags/ch.html]
[procoinance.com/public/frontend/assets/images/flags/ci.html]
[procoinance.com/public/frontend/assets/images/flags/ck.html]
[procoinance.com/public/frontend/assets/images/flags/cl.html]
[procoinance.com/public/frontend/assets/images/flags/cm.html]
[procoinance.com/public/frontend/assets/images/flags/cn.html]
[procoinance.com/public/frontend/assets/images/flags/co.html]
[procoinance.com/public/frontend/assets/images/flags/cr.html]
[procoinance.com/public/frontend/assets/images/flags/cu.html]
[procoinance.com/public/frontend/assets/images/flags/cv.html]
[procoinance.com/public/frontend/assets/images/flags/cw.html]
[procoinance.com/public/frontend/assets/images/flags/cx.html]
[procoinance.com/public/frontend/assets/images/flags/cy.html]
[procoinance.com/public/frontend/assets/images/flags/cz.html]
[procoinance.com/public/frontend/assets/images/flags/de.html]
[procoinance.com/public/frontend/assets/images/flags/dj.html]
[procoinance.com/public/frontend/assets/images/flags/dk.html]
[procoinance.com/public/frontend/assets/images/flags/dm.html]
[procoinance.com/public/frontend/assets/images/flags/do.html]
[procoinance.com/public/frontend/assets/images/flags/dz.html]
[procoinance.com/public/frontend/assets/images/flags/ec.html]
[procoinance.com/public/frontend/assets/images/flags/ee.html]
[procoinance.com/public/frontend/assets/images/flags/eg.html]
[procoinance.com/public/frontend/assets/images/flags/eh.html]
[procoinance.com/public/frontend/assets/images/flags/er.html]
[procoinance.com/public/frontend/assets/images/flags/es.html]
[procoinance.com/public/frontend/assets/images/flags/et.html]
[procoinance.com/public/frontend/assets/images/flags/eu.html]
[procoinance.com/public/frontend/assets/images/flags/fi.html]
[procoinance.com/public/frontend/assets/images/flags/fj.html]
[procoinance.com/public/frontend/assets/images/flags/fk.html]
[procoinance.com/public/frontend/assets/images/flags/fm.html]
[procoinance.com/public/frontend/assets/images/flags/fo.html]
[procoinance.com/public/frontend/assets/images/flags/fr.html]
[procoinance.com/public/frontend/assets/images/flags/ga.html]
[procoinance.com/public/frontend/assets/images/flags/gb-eng.html]
[procoinance.com/public/frontend/assets/images/flags/gb-nir.html]
[procoinance.com/public/frontend/assets/images/flags/gb-sct.html]
[procoinance.com/public/frontend/assets/images/flags/gb-wls.html]
[procoinance.com/public/frontend/assets/images/flags/gb.html]
[procoinance.com/public/frontend/assets/images/flags/gd.html]
[procoinance.com/public/frontend/assets/images/flags/ge.html]
[procoinance.com/public/frontend/assets/images/flags/gf.html]
[procoinance.com/public/frontend/assets/images/flags/gg.html]
[procoinance.com/public/frontend/assets/images/flags/gh.html]
[procoinance.com/public/frontend/assets/images/flags/gi.html]
[procoinance.com/public/frontend/assets/images/flags/gl.html]
[procoinance.com/public/frontend/assets/images/flags/gm.html]
[procoinance.com/public/frontend/assets/images/flags/gn.html]
[procoinance.com/public/frontend/assets/images/flags/gp.html]
[procoinance.com/public/frontend/assets/images/flags/gq.html]
[procoinance.com/public/frontend/assets/images/flags/gr.html]
[procoinance.com/public/frontend/assets/images/flags/gs.html]
[procoinance.com/public/frontend/assets/images/flags/gt.html]
[procoinance.com/public/frontend/assets/images/flags/gu.html]
[procoinance.com/public/frontend/assets/images/flags/gw.html]
[procoinance.com/public/frontend/assets/images/flags/gy.html]
[procoinance.com/public/frontend/assets/images/flags/hk.html]
[procoinance.com/public/frontend/assets/images/flags/hm.html]
[procoinance.com/public/frontend/assets/images/flags/hn.html]
[procoinance.com/public/frontend/assets/images/flags/hr.html]
[procoinance.com/public/frontend/assets/images/flags/ht.html]
[procoinance.com/public/frontend/assets/images/flags/hu.html]
[procoinance.com/public/frontend/assets/images/flags/id.html]
[procoinance.com/public/frontend/assets/images/flags/ie.html]
[procoinance.com/public/frontend/assets/images/flags/il.html]
[procoinance.com/public/frontend/assets/images/flags/im.html]
[procoinance.com/public/frontend/assets/images/flags/in.html]
[procoinance.com/public/frontend/assets/images/flags/io.html]
[procoinance.com/public/frontend/assets/images/flags/iq.html]
[procoinance.com/public/frontend/assets/images/flags/ir.html]
[procoinance.com/public/frontend/assets/images/flags/is.html]
[procoinance.com/public/frontend/assets/images/flags/it.html]
[procoinance.com/public/frontend/assets/images/flags/je.html]
[procoinance.com/public/frontend/assets/images/flags/jm.html]
[procoinance.com/public/frontend/assets/images/flags/jo.html]
[procoinance.com/public/frontend/assets/images/flags/jp.html]
[procoinance.com/public/frontend/assets/images/flags/ke.html]
[procoinance.com/public/frontend/assets/images/flags/kg.html]
[procoinance.com/public/frontend/assets/images/flags/kh.html]
[procoinance.com/public/frontend/assets/images/flags/ki.html]
[procoinance.com/public/frontend/assets/images/flags/km.html]
[procoinance.com/public/frontend/assets/images/flags/kn.html]
[procoinance.com/public/frontend/assets/images/flags/kp.html]
[procoinance.com/public/frontend/assets/images/flags/kr.html]
[procoinance.com/public/frontend/assets/images/flags/kw.html]
[procoinance.com/public/frontend/assets/images/flags/ky.html]
[procoinance.com/public/frontend/assets/images/flags/kz.html]
[procoinance.com/public/frontend/assets/images/flags/la.html]
[procoinance.com/public/frontend/assets/images/flags/lb.html]
[procoinance.com/public/frontend/assets/images/flags/lc.html]
[procoinance.com/public/frontend/assets/images/flags/li.html]
[procoinance.com/public/frontend/assets/images/flags/lk.html]
[procoinance.com/public/frontend/assets/images/flags/lr.html]
[procoinance.com/public/frontend/assets/images/flags/ls.html]
[procoinance.com/public/frontend/assets/images/flags/lt.html]
[procoinance.com/public/frontend/assets/images/flags/lu.html]
[procoinance.com/public/frontend/assets/images/flags/lv.html]
[procoinance.com/public/frontend/assets/images/flags/ly.html]
[procoinance.com/public/frontend/assets/images/flags/ma.html]
[procoinance.com/public/frontend/assets/images/flags/mc.html]
[procoinance.com/public/frontend/assets/images/flags/md.html]
[procoinance.com/public/frontend/assets/images/flags/me.html]
[procoinance.com/public/frontend/assets/images/flags/mf.html]
[procoinance.com/public/frontend/assets/images/flags/mg.html]
[procoinance.com/public/frontend/assets/images/flags/mh.html]
[procoinance.com/public/frontend/assets/images/flags/mk.html]
[procoinance.com/public/frontend/assets/images/flags/ml.html]
[procoinance.com/public/frontend/assets/images/flags/mm.html]
[procoinance.com/public/frontend/assets/images/flags/mn.svg]
[procoinance.com/public/frontend/assets/images/flags/mo.svg]
[procoinance.com/public/frontend/assets/images/flags/mp.svg]
[procoinance.com/public/frontend/assets/images/flags/mq.svg]
[procoinance.com/public/frontend/assets/images/flags/mr.svg]
[procoinance.com/public/frontend/assets/images/flags/ms.svg]
[procoinance.com/public/frontend/assets/images/flags/mt.svg]
[procoinance.com/public/frontend/assets/images/flags/mu.svg]
[procoinance.com/public/frontend/assets/images/flags/mv.svg]
[procoinance.com/public/frontend/assets/images/flags/mw.svg]
[procoinance.com/public/frontend/assets/images/flags/mx.svg]
[procoinance.com/public/frontend/assets/images/flags/my.svg]
[procoinance.com/public/frontend/assets/images/flags/mz.svg]
[procoinance.com/public/frontend/assets/images/flags/na.svg]
[procoinance.com/public/frontend/assets/images/flags/nc.svg]
[procoinance.com/public/frontend/assets/images/flags/ne.svg]
[procoinance.com/public/frontend/assets/images/flags/nf.svg]
[procoinance.com/public/frontend/assets/images/flags/ng.svg]
[procoinance.com/public/frontend/assets/images/flags/ni.svg]
[procoinance.com/public/frontend/assets/images/flags/nl.svg]
[procoinance.com/public/frontend/assets/images/flags/no.svg]
[procoinance.com/public/frontend/assets/images/flags/np.svg]
[procoinance.com/public/frontend/assets/images/flags/nr.svg]
[procoinance.com/public/frontend/assets/images/flags/nu.svg]
[procoinance.com/public/frontend/assets/images/flags/nz.svg]
[procoinance.com/public/frontend/assets/images/flags/om.svg]
[procoinance.com/public/frontend/assets/images/flags/pa.svg]
[procoinance.com/public/frontend/assets/images/flags/pe.svg]
[procoinance.com/public/frontend/assets/images/flags/pf.svg]
[procoinance.com/public/frontend/assets/images/flags/pg.svg]
[procoinance.com/public/frontend/assets/images/flags/ph.svg]
[procoinance.com/public/frontend/assets/images/flags/pk.svg]
[procoinance.com/public/frontend/assets/images/flags/pl.svg]
[procoinance.com/public/frontend/assets/images/flags/pm.svg]
[procoinance.com/public/frontend/assets/images/flags/pn.svg]
[procoinance.com/public/frontend/assets/images/flags/pr.svg]
[procoinance.com/public/frontend/assets/images/flags/ps.svg]
[procoinance.com/public/frontend/assets/images/flags/pt.svg]
[procoinance.com/public/frontend/assets/images/flags/pw.svg]
[procoinance.com/public/frontend/assets/images/flags/py.svg]
[procoinance.com/public/frontend/assets/images/flags/qa.svg]
[procoinance.com/public/frontend/assets/images/flags/re.svg]
[procoinance.com/public/frontend/assets/images/flags/ro.svg]
[procoinance.com/public/frontend/assets/images/flags/rs.svg]
[procoinance.com/public/frontend/assets/images/flags/ru.svg]
[procoinance.com/public/frontend/assets/images/flags/rw.svg]
[procoinance.com/public/frontend/assets/images/flags/sa.svg]
[procoinance.com/public/frontend/assets/images/flags/sb.svg]
[procoinance.com/public/frontend/assets/images/flags/sc.svg]
[procoinance.com/public/frontend/assets/images/flags/sd.svg]
[procoinance.com/public/frontend/assets/images/flags/se.svg]
[procoinance.com/public/frontend/assets/images/flags/sg.svg]
[procoinance.com/public/frontend/assets/images/flags/sh.svg]
[procoinance.com/public/frontend/assets/images/flags/si.svg]
[procoinance.com/public/frontend/assets/images/flags/sj.svg]
[procoinance.com/public/frontend/assets/images/flags/sk.svg]
[procoinance.com/public/frontend/assets/images/flags/sl.svg]
[procoinance.com/public/frontend/assets/images/flags/sm.svg]
[procoinance.com/public/frontend/assets/images/flags/sn.svg]
[procoinance.com/public/frontend/assets/images/flags/so.svg]
[procoinance.com/public/frontend/assets/images/flags/sr.svg]
[procoinance.com/public/frontend/assets/images/flags/ss.svg]
[procoinance.com/public/frontend/assets/images/flags/st.svg]
[procoinance.com/public/frontend/assets/images/flags/sv.svg]
[procoinance.com/public/frontend/assets/images/flags/sx.svg]
[procoinance.com/public/frontend/assets/images/flags/sy.svg]
[procoinance.com/public/frontend/assets/images/flags/sz.svg]
[procoinance.com/public/frontend/assets/images/flags/tc.svg]
[procoinance.com/public/frontend/assets/images/flags/td.svg]
[procoinance.com/public/frontend/assets/images/flags/tf.svg]
[procoinance.com/public/frontend/assets/images/flags/tg.svg]
[procoinance.com/public/frontend/assets/images/flags/th.svg]
[procoinance.com/public/frontend/assets/images/flags/tj.svg]
[procoinance.com/public/frontend/assets/images/flags/tk.svg]
[procoinance.com/public/frontend/assets/images/flags/tl.svg]
[procoinance.com/public/frontend/assets/images/flags/tm.svg]
[procoinance.com/public/frontend/assets/images/flags/tn.svg]
[procoinance.com/public/frontend/assets/images/flags/to.svg]
[procoinance.com/public/frontend/assets/images/flags/tr.svg]
[procoinance.com/public/frontend/assets/images/flags/tt.svg]
[procoinance.com/public/frontend/assets/images/flags/tv.svg]
[procoinance.com/public/frontend/assets/images/flags/tw.svg]
[procoinance.com/public/frontend/assets/images/flags/tz.svg]
[procoinance.com/public/frontend/assets/images/flags/ua.svg]
[procoinance.com/public/frontend/assets/images/flags/ug.svg]
[procoinance.com/public/frontend/assets/images/flags/um.svg]
[procoinance.com/public/frontend/assets/images/flags/un.svg]
[procoinance.com/public/frontend/assets/images/flags/us.svg]
[procoinance.com/public/frontend/assets/images/flags/uy.svg]
[procoinance.com/public/frontend/assets/images/flags/uz.svg]
[procoinance.com/public/frontend/assets/images/flags/va.svg]
[procoinance.com/public/frontend/assets/images/flags/vc.svg]
[procoinance.com/public/frontend/assets/images/flags/ve.svg]
[procoinance.com/public/frontend/assets/images/flags/vg.svg]
[procoinance.com/public/frontend/assets/images/flags/vi.svg]
[procoinance.com/public/frontend/assets/images/flags/vn.svg]
[procoinance.com/public/frontend/assets/images/flags/vu.svg]
[procoinance.com/public/frontend/assets/images/flags/wf.svg]
[procoinance.com/public/frontend/assets/images/flags/ws.svg]
[procoinance.com/public/frontend/assets/images/flags/ye.svg]
[procoinance.com/public/frontend/assets/images/flags/yt.svg]
[procoinance.com/public/frontend/assets/images/flags/za.svg]
[procoinance.com/public/frontend/assets/images/flags/zm.svg]
[procoinance.com/public/frontend/assets/images/flags/zw.svg]
[procoinance.com/public/frontend/assets/fonts/feather/feather-webfont6cfa.eot]
[procoinance.com/public/frontend/assets/fonts/feather/feather-webfont6cfa.woff]
[procoinance.com/public/frontend/assets/fonts/feather/feather-webfont6cfa.ttf]
[procoinance.com/public/frontend/assets/fonts/feather/feather-webfont6cfa.svg]
[procoinance.com/public/frontend/assets/fonts/glyphicons-halflings-regular.eot]
[procoinance.com/public/frontend/assets/fonts/glyphicons-halflings-regulard41d.eot]
[procoinance.com/public/frontend/assets/fonts/glyphicons-halflings-regular.woff2]
[procoinance.com/public/frontend/assets/fonts/glyphicons-halflings-regular.woff]
[procoinance.com/public/frontend/assets/fonts/glyphicons-halflings-regular.ttf]
[procoinance.com/public/frontend/assets/fonts/glyphicons-halflings-regular.svg]
[procoinance.com/public/frontend/assets/images/media/seigaiha.png]
[procoinance.com/public/frontend/assets/css/multiple-select.png]
[procoinance.com/public/frontend/assets/iconfonts/fonts/Material-Design-Iconic-Fontd1f1.woff2]
[procoinance.com/public/frontend/assets/iconfonts/fonts/Material-Design-Iconic-Fontd1f1.woff]
[procoinance.com/public/frontend/assets/iconfonts/fonts/Material-Design-Iconic-Fontd1f1.ttf]
[cdn.jsdelivr.net/npm/linearicons@1.0.2/dist/web-font/fonts/Linearicons-Free54e9.eot]
[cdn.jsdelivr.net/npm/linearicons@1.0.2/dist/web-font/fonts/Linearicons-Freed41d.eot]
[cdn.jsdelivr.net/npm/linearicons@1.0.2/dist/web-font/fonts/Linearicons-Free54e9.woff2]
[cdn.jsdelivr.net/npm/linearicons@1.0.2/dist/web-font/fonts/Linearicons-Free54e9.woff]
[cdn.jsdelivr.net/npm/linearicons@1.0.2/dist/web-font/fonts/Linearicons-Free54e9.ttf]
[cdn.jsdelivr.net/npm/linearicons@1.0.2/dist/web-font/fonts/Linearicons-Free54e9.svg]
